[34mc   [0m [36mstruct [0m tests/languages/c.c 5 16  Point 
[34mc   [0m [36mstruct [0m tests/languages/c.c 7 8  Point 
[34mc   [0m [36mstruct [0m tests/languages/c.c 31 16  Node 
[34mc   [0m [36mstruct [0m tests/languages/c.c 33 10  Node 
[34mc   [0m [36menum   [0m tests/languages/c.c 22 6  Direction 
[34mc   [0m [36menum   [0m tests/languages/c.c 29 14  Direction 
[34mc   [0m [36munion  [0m tests/languages/c.c 17 7  RawBytes 
[34mc   [0m [36munion  [0m tests/languages/c.c 36 15  Word 
[34mc   [0m [35mfunc   [0m tests/languages/c.c 41 8  point_distance 
[34mc   [0m [35mfunc   [0m tests/languages/c.c 47 9  complex_add 
[34mc   [0m [35mfunc   [0m tests/languages/c.c 51 5  clamp 
[34mc   [0m [34mtype   [0m tests/languages/c.c 4 22  uint 
[34mc   [0m [34mtype   [0m tests/languages/c.c 5 22  Point 
[34mc   [0m [34mtype   [0m tests/languages/c.c 15 3  Complex 
[34mc   [0m [34mtype   [0m tests/languages/c.c 29 24  Direction 
[34mc   [0m [34mtype   [0m tests/languages/c.c 34 3  Node 
[34mc   [0m [34mtype   [0m tests/languages/c.c 39 3  Word 
