[34mc++ [0m [36menum   [0m tests/languages/cpp.cpp 11 14  Color 
[34mc++ [0m [36mclass  [0m tests/languages/cpp.cpp 6 16  Node 
[34mc++ [0m [36mclass  [0m tests/languages/cpp.cpp 13 8  Vec2 
[34mc++ [0m [36mclass  [0m tests/languages/cpp.cpp 61 10  Edge 
[34mc++ [0m [36mclass  [0m tests/languages/cpp.cpp 18 7  Shape 
[34mc++ [0m [36mclass  [0m tests/languages/cpp.cpp 25 7  Circle 
[34mc++ [0m [36mclass  [0m tests/languages/cpp.cpp 43 7  Rectangle 
[34mc++ [0m [36mclass  [0m tests/languages/cpp.cpp 59 7  Polygon 
[34mc++ [0m [35mfunc   [0m tests/languages/cpp.cpp 27 12  Circle 
[34mc++ [0m [35mfunc   [0m tests/languages/cpp.cpp 45 3  Rectangle 
[34mc++ [0m [35mfunc   [0m tests/languages/cpp.cpp 53 8  total_area 
[34mc++ [0m [35mfunc   [0m tests/languages/cpp.cpp 69 12  Polygon 
[34mc++ [0m [35mmethod [0m tests/languages/cpp.cpp 35 16 Circle:: area 
[34mc++ [0m [35mmethod [0m tests/languages/cpp.cpp 39 21 Circle:: name 
[34mc++ [0m [35mmethod [0m tests/languages/cpp.cpp 87 17 Polygon:: area 
[34mc++ [0m [35mmethod [0m tests/languages/cpp.cpp 91 22 Polygon:: name 
[34mc++ [0m [35mmethod [0m tests/languages/cpp.cpp 77 23 Polygon::Edge:: length 
[34mc++ [0m [35mmethod [0m tests/languages/cpp.cpp 83 21 Polygon::Edge:: midpoint 
[34mc++ [0m [34mtype   [0m tests/languages/cpp.cpp 4 22  uint 
[34mc++ [0m [34mtype   [0m tests/languages/cpp.cpp 9 3  Node 
[34mc++ [0m [34mtype   [0m tests/languages/cpp.cpp 11 41  Color 
