[32mfish[0m [34malias  [0m tests/languages/fish.fish 16 7  ll='ls -lah' 
[32mfish[0m [34malias  [0m tests/languages/fish.fish 17 7  gs='git status' 
[32mfish[0m [34malias  [0m tests/languages/fish.fish 18 7  gp='git pull' 
[32mfish[0m [35mfunc   [0m tests/languages/fish.fish 1 10  greet 
[32mfish[0m [35mfunc   [0m tests/languages/fish.fish 5 10  fish_prompt 
[32mfish[0m [35mfunc   [0m tests/languages/fish.fish 9 10  backup_file 
