[35mhs  [0m [34mtype   [0m tests/languages/haskell.hs 13 6  Name 
[35mhs  [0m [34mtype   [0m tests/languages/haskell.hs 15 6  Palette 
[35mhs  [0m [34mtype   [0m tests/languages/haskell.hs 6 6  Shape 
[35mhs  [0m [34mtype   [0m tests/languages/haskell.hs 11 6  Color 
[35mhs  [0m [35mfunc   [0m tests/languages/haskell.hs 17 1  area 
[35mhs  [0m [35mfunc   [0m tests/languages/haskell.hs 24 1  perimeter 
[35mhs  [0m [35mfunc   [0m tests/languages/haskell.hs 29 1  greet 
[35mhs  [0m [35mfunc   [0m tests/languages/haskell.hs 32 1  safeHead 
