[32mjson[0m [33mconst  [0m tests/languages/json.json 2 2  "name" 
[32mjson[0m [33mconst  [0m tests/languages/json.json 3 2  "version" 
[32mjson[0m [33mconst  [0m tests/languages/json.json 4 2  "description" 
[32mjson[0m [33mconst  [0m tests/languages/json.json 5 2  "author" 
[32mjson[0m [33mconst  [0m tests/languages/json.json 6 2  "license" 
[32mjson[0m [33mconst  [0m tests/languages/json.json 7 2  "dependencies" 
[32mjson[0m [33mconst  [0m tests/languages/json.json 8 4  "tree-sitter" 
[32mjson[0m [33mconst  [0m tests/languages/json.json 9 4  "tokio" 
[32mjson[0m [33mconst  [0m tests/languages/json.json 11 2  "scripts" 
[32mjson[0m [33mconst  [0m tests/languages/json.json 12 4  "build" 
[32mjson[0m [33mconst  [0m tests/languages/json.json 13 4  "test" 
