[33mcaml[0m [35mfunc   [0m tests/languages/ocaml.ml 11 5  distance 
[33mcaml[0m [35mfunc   [0m tests/languages/ocaml.ml 16 9  factorial 
[33mcaml[0m [35mfunc   [0m tests/languages/ocaml.ml 19 5  greet 
[33mcaml[0m [35mfunc   [0m tests/languages/ocaml.ml 21 5  map_result 
[33mcaml[0m [34mtype   [0m tests/languages/ocaml.ml 1 6  color 
[33mcaml[0m [34mtype   [0m tests/languages/ocaml.ml 3 6  point 
[33mcaml[0m [34mtype   [0m tests/languages/ocaml.ml 5 9  result 
[33mcaml[0m [34mtype   [0m tests/languages/ocaml.ml 28 11  t 
[33mcaml[0m [33mmodule [0m tests/languages/ocaml.ml 25 8  StringMap 
[33mcaml[0m [34minter  [0m tests/languages/ocaml.ml 27 13  COLLECTION 
