[34modin[0m [36mstruct [0m tests/languages/odin.odin 6 1  Vec2 
[34modin[0m [35mmethod [0m tests/languages/odin.odin 17 1  add 
[34modin[0m [35mmethod [0m tests/languages/odin.odin 21 1  vec2_length 
[34modin[0m [35mmethod [0m tests/languages/odin.odin 25 1  vec2_add 
[34modin[0m [35mmethod [0m tests/languages/odin.odin 29 1  main 
[34modin[0m [33mmodule [0m tests/languages/odin.odin 4 8  math 
