[93mpy  [0m [35mmethod [0m tests/languages/python.py 12 9 Animal. kingdom 
[93mpy  [0m [35mmethod [0m tests/languages/python.py 5 9 Animal. __init__ 
[93mpy  [0m [35mmethod [0m tests/languages/python.py 8 9 Animal. speak 
[93mpy  [0m [35mmethod [0m tests/languages/python.py 17 9 Dog. speak 
[93mpy  [0m [35mmethod [0m tests/languages/python.py 20 9 Dog. fetch 
[93mpy  [0m [35mfunc   [0m tests/languages/python.py 24 5  greet 
[93mpy  [0m [35mfunc   [0m tests/languages/python.py 28 5  fibonacci 
[93mpy  [0m [36mclass  [0m tests/languages/python.py 4 7  Animal 
[93mpy  [0m [36mclass  [0m tests/languages/python.py 16 7  Dog 
