[34mts  [0m [34mtype   [0m tests/languages/tsx.tsx 1 13  UserId 
[34mts  [0m [34mtype   [0m tests/languages/tsx.tsx 3 13  API 
[34mts  [0m [34mtype   [0m tests/languages/tsx.tsx 8 13  Result 
[34mts  [0m [34mtype   [0m tests/languages/tsx.tsx 4 3 API. send 
[34mts  [0m [34mtype   [0m tests/languages/tsx.tsx 5 3 API. receive 
[34mts  [0m [34minter  [0m tests/languages/tsx.tsx 12 18  Repository 
[34mts  [0m [34minter  [0m tests/languages/tsx.tsx 18 18  User 
[34mts  [0m [34minter  [0m tests/languages/tsx.tsx 13 3 Repository. findById 
[34mts  [0m [34minter  [0m tests/languages/tsx.tsx 14 3 Repository. save 
[34mts  [0m [34minter  [0m tests/languages/tsx.tsx 15 3 Repository. delete 
[34mts  [0m [36mclass  [0m tests/languages/tsx.tsx 24 14  UserService 
[34mts  [0m [35mmethod [0m tests/languages/tsx.tsx 28 3 UserService. constructor 
[34mts  [0m [35mmethod [0m tests/languages/tsx.tsx 30 9 UserService. getUser 
[34mts  [0m [35mmethod [0m tests/languages/tsx.tsx 34 9 UserService. createUser 
[34mts  [0m [35mfunc   [0m tests/languages/tsx.tsx 41 17  formatUser 
[34mts  [0m [35mfunc   [0m tests/languages/tsx.tsx 45 7  parseEmail 
[34mts  [0m [35mfield  [0m tests/languages/tsx.tsx 25 11 UserService. cache 
[34mts  [0m [35mfield  [0m tests/languages/tsx.tsx 26 12 UserService. maxRetries 
[34mts  [0m [33mconst  [0m tests/languages/tsx.tsx 51 14  DEFAULT_PAGE_SIZE 
