[34mts  [0m [34mtype   [0m tests/languages/typescript.ts 1 13  UserId 
[34mts  [0m [34mtype   [0m tests/languages/typescript.ts 3 13  API 
[34mts  [0m [34mtype   [0m tests/languages/typescript.ts 8 13  Result 
[34mts  [0m [34mtype   [0m tests/languages/typescript.ts 4 3 API. send 
[34mts  [0m [34mtype   [0m tests/languages/typescript.ts 5 3 API. receive 
[34mts  [0m [34minter  [0m tests/languages/typescript.ts 12 18  Repository 
[34mts  [0m [34minter  [0m tests/languages/typescript.ts 18 18  User 
[34mts  [0m [34minter  [0m tests/languages/typescript.ts 13 3 Repository. findById 
[34mts  [0m [34minter  [0m tests/languages/typescript.ts 14 3 Repository. save 
[34mts  [0m [34minter  [0m tests/languages/typescript.ts 15 3 Repository. delete 
[34mts  [0m [36mclass  [0m tests/languages/typescript.ts 24 14  UserService 
[34mts  [0m [35mmethod [0m tests/languages/typescript.ts 28 3 UserService. constructor 
[34mts  [0m [35mmethod [0m tests/languages/typescript.ts 30 9 UserService. getUser 
[34mts  [0m [35mmethod [0m tests/languages/typescript.ts 34 9 UserService. createUser 
[34mts  [0m [35mfunc   [0m tests/languages/typescript.ts 41 17  formatUser 
[34mts  [0m [35mfunc   [0m tests/languages/typescript.ts 45 7  parseEmail 
[34mts  [0m [35mfield  [0m tests/languages/typescript.ts 25 11 UserService. cache 
[34mts  [0m [35mfield  [0m tests/languages/typescript.ts 26 12 UserService. maxRetries 
[34mts  [0m [33mconst  [0m tests/languages/typescript.ts 51 14  DEFAULT_PAGE_SIZE 
